Microsoft Windows [Version 6.3.9600]
(c) 2013 Microsoft Corporation. All rights reserved.

C:\Users\cl62>Git config --global user.name "Prerana28"
error: unknown non-ascii option in string: `--global'
usage: git config [<options>]

Config file location
    --global              use global config file
    --system              use system config file
    --local               use repository config file
    --worktree            use per-worktree config file
    -f, --file <file>     use given config file
    --blob <blob-id>      read config from given blob object

Action
    --get                 get value: name [value-regex]
    --get-all             get all values: key [value-regex]
    --get-regexp          get values for regexp: name-regex [value-regex]
    --get-urlmatch        get value specific for the URL: section[.var] URL
    --replace-all         replace all matching variables: name value [value_regex]
    --add                 add a new variable: name value
    --unset               remove a variable: name [value-regex]
    --unset-all           remove all matches: name [value-regex]
    --rename-section      rename section: old-name new-name
    --remove-section      remove a section: name
    -l, --list            list all
    -e, --edit            open an editor
    --get-color           find the color configured: slot [default]
    --get-colorbool       find the color setting: slot [stdout-is-tty]

Type
    -t, --type <>         value is given this type
    --bool                value is "true" or "false"
    --int                 value is decimal number
    --bool-or-int         value is --bool or --int
    --path                value is a path (file or directory name)
    --expiry-date         value is an expiry date

Other
    -z, --null            terminate values with NUL byte
    --name-only           show variable names only
    --includes            respect include directives on lookup
    --show-origin         show origin of config (file, standard input, blob, command line)
    --default <value>     with --get, use default value when missing entry


Warning: Your console font probably doesn't support Unicode. If you experience strange characters in the output, consider switching to a TrueType font such as Consolas!

C:\Users\cl62>Git config --global user.name "Prerana28"

C:\Users\cl62>Git config --global user.email "preranabhosale2895@gmail.com"

C:\Users\cl62>cd desktop

C:\Users\cl62\Desktop>cd GitPro

C:\Users\cl62\Desktop\GitPro>Git init
Initialized empty Git repository in C:/Users/cl62/Desktop/GitPro/.git/

C:\Users\cl62\Desktop\GitPro>git add SampleGit.txt

C:\Users\cl62\Desktop\GitPro>git commit -m "Fist commit"
[master (root-commit) d85cf53] Fist commit
 1 file changed, 1 insertion(+)
 create mode 100644 SampleGit.txt

C:\Users\cl62\Desktop\GitPro>git log
commit d85cf5364e72c7dc577f4358ce419f96f85671df (HEAD -> master)
Author: <E2><80><9C>Prerana28<E2><80><9D> <<E2><80><9C>preranabhosale2895@gmail.com<E2><80><9D>>
Date:   Tue Jul 2 14:40:11 2019 -0700

    Fist commit

C:\Users\cl62\Desktop\GitPro>git remote add origin https://github.com/Prerana28/FirstProject.git

C:\Users\cl62\Desktop\GitPro>git push -u origin master
Enumerating objects: 3, done.
Counting objects: 100% (3/3), done.
Writing objects: 100% (3/3), 232 bytes | 232.00 KiB/s, done.
Total 3 (delta 0), reused 0 (delta 0)
To https://github.com/Prerana28/FirstProject.git
 * [new branch]      master -> master
Branch 'master' set up to track remote branch 'master' from 'origin'.

C:\Users\cl62\Desktop\GitPro>git add SampleGit.txt

C:\Users\cl62\Desktop\GitPro>git commit -m "second commit"
[master 3a519fe] second commit
 1 file changed, 1 insertion(+), 1 deletion(-)

C:\Users\cl62\Desktop\GitPro>git log
commit 3a519fe790a4e33a36489eae76628d27c6d5623e (HEAD -> master)
Author: <E2><80><9C>Prerana28<E2><80><9D> <<E2><80><9C>preranabhosale2895@gmail.com<E2><80><9D>>
Date:   Tue Jul 2 14:46:47 2019 -0700

    second commit

commit d85cf5364e72c7dc577f4358ce419f96f85671df (origin/master)
Author: <E2><80><9C>Prerana28<E2><80><9D> <<E2><80><9C>preranabhosale2895@gmail.com<E2><80><9D>>
Date:   Tue Jul 2 14:40:11 2019 -0700

    Fist commit

C:\Users\cl62\Desktop\GitPro>git push -u origin master
Enumerating objects: 5, done.
Counting objects: 100% (5/5), done.
Writing objects: 100% (3/3), 265 bytes | 265.00 KiB/s, done.
Total 3 (delta 0), reused 0 (delta 0)
To https://github.com/Prerana28/FirstProject.git
   d85cf53..3a519fe  master -> master
Branch 'master' set up to track remote branch 'master' from 'origin'.

C:\Users\cl62\Desktop\GitPro>git branch
* master

C:\Users\cl62\Desktop\GitPro>git branch prerana

C:\Users\cl62\Desktop\GitPro>git branch
* master
  prerana

C:\Users\cl62\Desktop\GitPro>git checkout prerana
Switched to branch 'prerana'

C:\Users\cl62\Desktop\GitPro>git branch
  master
* prerana

C:\Users\cl62\Desktop\GitPro>git add SampleGit.txt

C:\Users\cl62\Desktop\GitPro>git commit -m "third commit"
[prerana 8e044a7] third commit
 1 file changed, 1 insertion(+), 1 deletion(-)

C:\Users\cl62\Desktop\GitPro>git add --all

C:\Users\cl62\Desktop\GitPro>git push --set-upstream origin prerana
Enumerating objects: 5, done.
Counting objects: 100% (5/5), done.
Writing objects: 100% (3/3), 268 bytes | 268.00 KiB/s, done.
Total 3 (delta 0), reused 0 (delta 0)
remote:
remote: Create a pull request for 'prerana' on GitHub by visiting:
remote:      https://github.com/Prerana28/FirstProject/pull/new/prerana
remote:
To https://github.com/Prerana28/FirstProject.git
 * [new branch]      prerana -> prerana
Branch 'prerana' set up to track remote branch 'prerana' from 'origin'.

C:\Users\cl62\Desktop\GitPro>git merge prerana
Already up to date.

C:\Users\cl62\Desktop\GitPro>git checkout master
Switched to branch 'master'
Your branch is up to date with 'origin/master'.

C:\Users\cl62\Desktop\GitPro>git merge prerana
Updating 3a519fe..8e044a7
Fast-forward
 SampleGit.txt | 2 +-
 1 file changed, 1 insertion(+), 1 deletion(-)

C:\Users\cl62\Desktop\GitPro>git push
Total 0 (delta 0), reused 0 (delta 0)
To https://github.com/Prerana28/FirstProject.git
   3a519fe..8e044a7  master -> master

C:\Users\cl62\Desktop\GitPro>